// Jest Snapshot v1, https://goo.gl/fbAQLP

exports[`snapshot 1`] = `
<div>
  <input
    onChange={[Function]}
    placeholder="Postleitzahl"
    type="text"
    value=""
  />
  <div />
  <div>
    noch nicht geladen
  </div>
</div>
`;
